[main 3a98ded] Archive PM2 logs — 2026-02-09 22:00
 6 files changed, 122 insertions(+)
 create mode 100644 logs/pm2/cron.log
To github.com-namkuzu:Namkuzu-da-OS/Divergance-Scanner.git
   0060562..3a98ded  main -> main
[main 9b2b9db] Archive PM2 logs — 2026-02-09 23:00
 5 files changed, 161 insertions(+)
To github.com-namkuzu:Namkuzu-da-OS/Divergance-Scanner.git
   1409f03..9b2b9db  main -> main
[main fb1e806] Archive PM2 logs — 2026-02-10 00:00
 6 files changed, 371 insertions(+)
To github.com-namkuzu:Namkuzu-da-OS/Divergance-Scanner.git
   9b2b9db..fb1e806  main -> main
[main 21ea7af] Archive PM2 logs — 2026-02-10 01:00
 7 files changed, 331 insertions(+)
To github.com-namkuzu:Namkuzu-da-OS/Divergance-Scanner.git
   fb1e806..21ea7af  main -> main
[main 6e0aab9] Archive PM2 logs — 2026-02-10 02:00
 6 files changed, 163 insertions(+)
To github.com-namkuzu:Namkuzu-da-OS/Divergance-Scanner.git
   21ea7af..6e0aab9  main -> main
[main ddcc42f] Archive PM2 logs — 2026-02-10 03:00
 5 files changed, 92 insertions(+)
To github.com-namkuzu:Namkuzu-da-OS/Divergance-Scanner.git
   46c7364..ddcc42f  main -> main
[main da64c35] Archive PM2 logs — 2026-02-10 04:00
 5 files changed, 92 insertions(+)
To github.com-namkuzu:Namkuzu-da-OS/Divergance-Scanner.git
   ddcc42f..da64c35  main -> main
[main ec8921a] Archive PM2 logs — 2026-02-10 05:00
 5 files changed, 92 insertions(+)
To github.com-namkuzu:Namkuzu-da-OS/Divergance-Scanner.git
   da64c35..ec8921a  main -> main
