2026-02-19 21:15:00 +00:00: [16:15:00 ET] [EOD Tracker] Scheduled run triggered
2026-02-19 21:15:00 +00:00: 
2026-02-19 21:15:00 +00:00: ============================================================
2026-02-19 21:15:00 +00:00:    EOD GAP TRACKER - SCHEDULED RUN
2026-02-19 21:15:00 +00:00: ============================================================
2026-02-19 21:15:00 +00:00: Time: 2026-02-19T21:15:00.044Z
2026-02-19 21:15:00 +00:00: Options API: http://192.168.10.60:8000
2026-02-19 21:15:00 +00:00: ============================================================
2026-02-19 21:15:00 +00:00: 
2026-02-19 21:15:00 +00:00: [16:15:00 ET] [EOD Tracker] Starting EOD gap tracking...
2026-02-19 21:15:06 +00:00: [16:15:06 ET] [EOD Tracker] Found 7 gaps to process
2026-02-19 21:15:09 +00:00: [16:15:09 ET] [EOD Tracker] CVNA: Aggregated 3894 RTH candles — O:406.34 H:419.85 L:328.88 C:361.65
2026-02-19 21:15:09 +00:00: [16:15:09 ET] [EOD Tracker]   CVNA: FILLED | LOSS | EOD: +14.1%
2026-02-19 21:15:12 +00:00: [16:15:12 ET] [EOD Tracker] DASH: Aggregated 3900 RTH candles — O:201.79 H:201.84 L:158 C:173.7
2026-02-19 21:15:12 +00:00: [16:15:12 ET] [EOD Tracker]   DASH: FILLED | LOSS | EOD: -8.8%
2026-02-19 21:15:14 +00:00: [16:15:14 ET] [EOD Tracker] EBAY: Aggregated 3895 RTH candles — O:92.39 H:92.39 L:78.83 C:82.21
2026-02-19 21:15:14 +00:00: [16:15:14 ET] [EOD Tracker]   EBAY: FILLED | LOSS | EOD: -8.7%
2026-02-19 21:15:15 +00:00: [16:15:15 ET] [EOD Tracker] Received SIGINT. Shutting down...
2026-02-19 21:15:15 +00:00: ============================================================
2026-02-19 21:15:15 +00:00:    EOD GAP TRACKER
2026-02-19 21:15:15 +00:00:    Scheduled daily at 4:15 PM ET
2026-02-19 21:15:15 +00:00: ============================================================
2026-02-19 21:15:16 +00:00: Current time: 04:15:15 PM ET
2026-02-19 21:15:16 +00:00: Options API: http://192.168.10.60:8000
2026-02-19 21:15:16 +00:00: ============================================================
2026-02-19 21:15:16 +00:00: 
2026-02-19 21:15:16 +00:00: [16:15:16 ET] [EOD Tracker] Scheduler started. Waiting for 4:15 PM ET...
2026-02-19 21:15:16 +00:00: 
2026-02-19 21:15:16 +00:00: Commands:
2026-02-19 21:15:16 +00:00:   Manual run: node eod-gap-tracker.js --now
2026-02-19 21:15:16 +00:00:   PM2 logs:   pm2 logs eod-tracker
2026-02-19 21:15:16 +00:00: 
2026-02-19 21:30:10 +00:00: [16:30:10 ET] [EOD Tracker] Backup run triggered - found gaps still needing EOD data
2026-02-19 21:30:10 +00:00: 
2026-02-19 21:30:10 +00:00: ============================================================
2026-02-19 21:30:10 +00:00:    EOD GAP TRACKER - SCHEDULED RUN
2026-02-19 21:30:10 +00:00: ============================================================
2026-02-19 21:30:10 +00:00: Time: 2026-02-19T21:30:10.075Z
2026-02-19 21:30:10 +00:00: Options API: http://192.168.10.60:8000
2026-02-19 21:30:10 +00:00: ============================================================
2026-02-19 21:30:10 +00:00: 
2026-02-19 21:30:10 +00:00: [16:30:10 ET] [EOD Tracker] Starting EOD gap tracking...
2026-02-19 21:30:18 +00:00: [16:30:18 ET] [EOD Tracker] Found 4 gaps to process
2026-02-19 21:30:22 +00:00: [16:30:22 ET] [EOD Tracker] OXY: Aggregated 3900 RTH candles — O:45.28 H:47.69 L:44.52 C:47.2
2026-02-19 21:30:22 +00:00: [16:30:22 ET] [EOD Tracker]   OXY: FILLED | LOSS | EOD: -5.3%
2026-02-19 21:30:29 +00:00: [16:30:29 ET] [EOD Tracker] PLTR: Aggregated 3900 RTH candles — O:155.41 H:155.85 L:126.23 C:135.34
2026-02-19 21:30:29 +00:00: [16:30:29 ET] [EOD Tracker]   PLTR: FILLED | LOSS | EOD: +2.1%
2026-02-19 21:30:33 +00:00: [16:30:33 ET] [EOD Tracker] SMCI: Aggregated 3900 RTH candles — O:32.95 H:34.94 L:29.35 C:29.72
2026-02-19 21:30:33 +00:00: [16:30:33 ET] [EOD Tracker]   SMCI: FILLED | LOSS | EOD: -4.7%
2026-02-19 21:30:37 +00:00: [16:30:37 ET] [EOD Tracker] WMT: Aggregated 3900 RTH candles — O:128.13 H:134.69 L:125.77 C:126.6
2026-02-19 21:30:37 +00:00: [16:30:37 ET] [EOD Tracker]   WMT: FILLED | LOSS | EOD: +3.7%
2026-02-19 21:30:37 +00:00: [16:30:37 ET] [EOD Tracker] Updating stats for 4 tickers...
2026-02-19 21:30:37 +00:00: [16:30:37 ET] [EOD Tracker] Done. Processed 4 gaps, updated 4
2026-02-19 21:30:37 +00:00: 
2026-02-19 21:30:37 +00:00: ==================================================
2026-02-19 21:30:37 +00:00: TODAY'S GAP SUMMARY
2026-02-19 21:30:37 +00:00: ==================================================
2026-02-19 21:30:37 +00:00: 
2026-02-19 21:30:37 +00:00: Total Gaps: 7
2026-02-19 21:30:37 +00:00: Filled: 7 (100%)
2026-02-19 21:30:37 +00:00: 
2026-02-19 21:30:37 +00:00: By Tier:
2026-02-19 21:30:37 +00:00:   TRADEABLE: 5/5 filled (100%)
2026-02-19 21:30:37 +00:00:   HIGH_CONVICTION: 2/2 filled (100%)
2026-02-19 21:30:37 +00:00: 
2026-02-19 21:30:37 +00:00: By Direction:
2026-02-19 21:30:37 +00:00:   Gap Down: 3/3 filled (100%)
2026-02-19 21:30:37 +00:00:   Gap Up: 4/4 filled (100%)
2026-02-19 21:30:37 +00:00: ==================================================
2026-02-19 21:30:37 +00:00: 
2026-02-19 21:30:38 +00:00: [Telegram] Sent alert
2026-02-19 21:30:45 +00:00: [16:30:45 ET] [EOD Tracker] Received SIGINT. Shutting down...
2026-02-19 21:30:46 +00:00: ============================================================
2026-02-19 21:30:46 +00:00:    EOD GAP TRACKER
2026-02-19 21:30:46 +00:00:    Scheduled daily at 4:15 PM ET
2026-02-19 21:30:46 +00:00: ============================================================
2026-02-19 21:30:46 +00:00: Current time: 04:30:46 PM ET
2026-02-19 21:30:46 +00:00: Options API: http://192.168.10.60:8000
2026-02-19 21:30:46 +00:00: ============================================================
2026-02-19 21:30:46 +00:00: 
2026-02-19 21:30:46 +00:00: [16:30:46 ET] [EOD Tracker] Scheduler started. Waiting for 4:15 PM ET...
2026-02-19 21:30:46 +00:00: 
2026-02-19 21:30:46 +00:00: Commands:
2026-02-19 21:30:46 +00:00:   Manual run: node eod-gap-tracker.js --now
2026-02-19 21:30:46 +00:00:   PM2 logs:   pm2 logs eod-tracker
2026-02-19 21:30:46 +00:00: 
2026-02-20 21:15:00 +00:00: [16:15:00 ET] [EOD Tracker] Scheduled run triggered
2026-02-20 21:15:00 +00:00: 
2026-02-20 21:15:00 +00:00: ============================================================
2026-02-20 21:15:00 +00:00:    EOD GAP TRACKER - SCHEDULED RUN
2026-02-20 21:15:00 +00:00: ============================================================
2026-02-20 21:15:00 +00:00: Time: 2026-02-20T21:15:00.059Z
2026-02-20 21:15:00 +00:00: Options API: http://192.168.10.60:8000
2026-02-20 21:15:00 +00:00: ============================================================
2026-02-20 21:15:00 +00:00: 
2026-02-20 21:15:00 +00:00: [16:15:00 ET] [EOD Tracker] Starting EOD gap tracking...
2026-02-20 21:15:07 +00:00: [16:15:07 ET] [EOD Tracker] Found 4 gaps to process
2026-02-20 21:15:10 +00:00: [16:15:10 ET] [EOD Tracker] AKAM: Aggregated 3835 RTH candles — O:91.86 H:113.5 L:91.13 C:109.535
2026-02-20 21:15:10 +00:00: [16:15:10 ET] [EOD Tracker]   AKAM: FILLED | LOSS | EOD: +9.2%
2026-02-20 21:15:11 +00:00: [16:15:11 ET] [EOD Tracker] ANPA: Aggregated 983 RTH candles — O:78.49 H:83 L:10.89 C:11.19
2026-02-20 21:15:11 +00:00: [16:15:11 ET] [EOD Tracker]   ANPA: FILLED | LOSS | EOD: -41.7%
2026-02-20 21:15:14 +00:00: [16:15:14 ET] [EOD Tracker] MRNA: Aggregated 3898 RTH candles — O:42.03 H:50.46 L:36.66 C:49.7
2026-02-20 21:15:14 +00:00: [16:15:14 ET] [EOD Tracker]   MRNA: FILLED | LOSS | EOD: +2.3%
2026-02-20 21:15:17 +00:00: [16:15:17 ET] [EOD Tracker] NEM: Aggregated 3900 RTH candles — O:113.315 H:127.34 L:108.05 C:125.42
2026-02-20 21:15:17 +00:00: [16:15:17 ET] [EOD Tracker]   NEM: FILLED | LOSS | EOD: +4.0%
2026-02-20 21:15:17 +00:00: [16:15:17 ET] [EOD Tracker] Received SIGINT. Shutting down...
2026-02-20 21:15:17 +00:00: ============================================================
2026-02-20 21:15:17 +00:00:    EOD GAP TRACKER
2026-02-20 21:15:17 +00:00:    Scheduled daily at 4:15 PM ET
2026-02-20 21:15:17 +00:00: ============================================================
2026-02-20 21:15:17 +00:00: Current time: 04:15:17 PM ET
2026-02-20 21:15:17 +00:00: Options API: http://192.168.10.60:8000
2026-02-20 21:15:17 +00:00: ============================================================
2026-02-20 21:15:17 +00:00: 
2026-02-20 21:15:17 +00:00: [16:15:17 ET] [EOD Tracker] Scheduler started. Waiting for 4:15 PM ET...
2026-02-20 21:15:17 +00:00: 
2026-02-20 21:15:17 +00:00: Commands:
2026-02-20 21:15:17 +00:00:   Manual run: node eod-gap-tracker.js --now
2026-02-20 21:15:17 +00:00:   PM2 logs:   pm2 logs eod-tracker
2026-02-20 21:15:17 +00:00: 
