[Internals ERROR] Failed to fetch $DVOL: timeout of 10000ms exceeded
[Internals ERROR] Failed to fetch $ADVN: timeout of 10000ms exceeded
[Internals ERROR] Failed to fetch $DECN: timeout of 10000ms exceeded
[Internals ERROR] Failed to fetch $TICK: timeout of 10000ms exceeded
[Internals ERROR] Failed to fetch $TRIN: timeout of 10000ms exceeded
[Internals ERROR] Failed to fetch $VIX: timeout of 10000ms exceeded
[Internals ERROR] Failed to fetch $UVOL: timeout of 10000ms exceeded
[Internals ERROR] Failed to fetch $DVOL: timeout of 10000ms exceeded
[Internals ERROR] Failed to fetch $VIX: timeout of 10000ms exceeded
[Internals ERROR] Failed to fetch $SPX: timeout of 10000ms exceeded
[Internals ERROR] Failed to fetch $TRIN: timeout of 10000ms exceeded
[Internals ERROR] Failed to fetch $ADVN: timeout of 10000ms exceeded
[Internals ERROR] Failed to fetch $VIX: timeout of 10000ms exceeded
[Internals ERROR] Failed to fetch $COMPX: timeout of 10000ms exceeded
[Internals ERROR] Failed to fetch $TICK: timeout of 10000ms exceeded
[Internals ERROR] Failed to fetch $ADVN: timeout of 10000ms exceeded
[Internals ERROR] Failed to fetch $TICK: timeout of 10000ms exceeded
[Internals ERROR] Failed to fetch $TICK: timeout of 10000ms exceeded
[Internals ERROR] Failed to fetch $TICK: timeout of 10000ms exceeded
[Internals ERROR] Failed to fetch $TICK: timeout of 10000ms exceeded
[Internals ERROR] Failed to fetch $DECN: timeout of 10000ms exceeded
[Internals ERROR] Failed to fetch $DVOL: timeout of 10000ms exceeded
[Internals ERROR] Failed to fetch $TICK: timeout of 10000ms exceeded
[Internals ERROR] Failed to fetch $UVOL: timeout of 10000ms exceeded
[Internals ERROR] Failed to fetch $COMPX: timeout of 10000ms exceeded
[Internals ERROR] Failed to fetch $TICK: timeout of 10000ms exceeded
[Internals ERROR] Failed to fetch $DVOL: timeout of 10000ms exceeded
[Internals ERROR] Failed to fetch $ADVN: timeout of 10000ms exceeded
[Internals ERROR] Failed to fetch $UVOL: timeout of 10000ms exceeded
[Internals ERROR] Failed to fetch $TRIN: timeout of 10000ms exceeded
[Internals ERROR] Failed to fetch $SPX: timeout of 10000ms exceeded
[Internals ERROR] Failed to fetch $DECN: timeout of 10000ms exceeded
[Internals ERROR] Failed to fetch $TICK: timeout of 10000ms exceeded
[Internals ERROR] Failed to fetch $ADVN: timeout of 10000ms exceeded
[Internals ERROR] Failed to fetch $COMPX: timeout of 10000ms exceeded
[Internals ERROR] Failed to fetch $TRIN: timeout of 10000ms exceeded
[Internals ERROR] Failed to fetch $UVOL: timeout of 10000ms exceeded
[Internals ERROR] Failed to fetch $TRIN: timeout of 10000ms exceeded
[Internals ERROR] Failed to fetch $TICK: timeout of 10000ms exceeded
[Internals ERROR] Failed to fetch $DVOL: timeout of 10000ms exceeded
[Internals ERROR] Failed to fetch $SPX: timeout of 10000ms exceeded
[Internals ERROR] Failed to fetch $COMPX: timeout of 10000ms exceeded
[Internals ERROR] Failed to fetch $DJI: timeout of 10000ms exceeded
[Internals ERROR] Failed to fetch $TICK: timeout of 10000ms exceeded
[Internals ERROR] Failed to fetch $DECN: timeout of 10000ms exceeded
[Internals ERROR] Failed to fetch $TICK: timeout of 10000ms exceeded
[Internals ERROR] Failed to fetch $SPX: timeout of 10000ms exceeded
[Internals ERROR] Failed to fetch $TRIN: timeout of 10000ms exceeded
[Internals ERROR] Failed to fetch $DVOL: timeout of 10000ms exceeded
[Internals ERROR] Failed to fetch $TICK: timeout of 10000ms exceeded
[Internals ERROR] Failed to fetch $TRIN: timeout of 10000ms exceeded
[Internals ERROR] Failed to fetch $ADVN: timeout of 10000ms exceeded
[Internals ERROR] Failed to fetch $UVOL: timeout of 10000ms exceeded
[Internals ERROR] Failed to fetch $DVOL: timeout of 10000ms exceeded
[Internals ERROR] Failed to fetch $SPX: timeout of 10000ms exceeded
[Internals ERROR] Failed to fetch $ADVN: timeout of 10000ms exceeded
[Internals ERROR] Failed to fetch $DECN: timeout of 10000ms exceeded
[Internals ERROR] Failed to fetch $SPX: timeout of 10000ms exceeded
[Internals ERROR] Failed to fetch $DJI: timeout of 10000ms exceeded
[Internals ERROR] Failed to fetch $TRIN: timeout of 10000ms exceeded
[Internals ERROR] Failed to fetch $TRIN: timeout of 10000ms exceeded
[Internals ERROR] Failed to fetch $DECN: timeout of 10000ms exceeded
[Internals ERROR] Failed to fetch $DVOL: timeout of 10000ms exceeded
[Internals ERROR] Failed to fetch $TICK: timeout of 10000ms exceeded
[Internals ERROR] Failed to fetch $TRIN: timeout of 10000ms exceeded
[Internals ERROR] Failed to fetch $ADVN: timeout of 10000ms exceeded
[Internals ERROR] Failed to fetch $DECN: timeout of 10000ms exceeded
[Internals ERROR] Failed to fetch $DVOL: timeout of 10000ms exceeded
[Internals ERROR] Failed to fetch $SPX: timeout of 10000ms exceeded
[Internals ERROR] Failed to fetch $TICK: connect ECONNREFUSED 192.168.10.60:8000
[Internals ERROR] Failed to fetch $TRIN: connect ECONNREFUSED 192.168.10.60:8000
[Internals ERROR] Failed to fetch $ADVN: connect ECONNREFUSED 192.168.10.60:8000
[Internals ERROR] Failed to fetch $DECN: connect ECONNREFUSED 192.168.10.60:8000
[Internals ERROR] Failed to fetch $UVOL: connect ECONNREFUSED 192.168.10.60:8000
[Internals ERROR] Failed to fetch $DVOL: connect ECONNREFUSED 192.168.10.60:8000
[Internals ERROR] Failed to fetch $VIX: connect ECONNREFUSED 192.168.10.60:8000
[Internals ERROR] Failed to fetch $SPX: connect ECONNREFUSED 192.168.10.60:8000
[Internals ERROR] Failed to fetch $COMPX: connect ECONNREFUSED 192.168.10.60:8000
[Internals ERROR] Failed to fetch $DJI: connect ECONNREFUSED 192.168.10.60:8000
[Internals ERROR] Failed to fetch $DJI: timeout of 10000ms exceeded
[Internals ERROR] Failed to fetch $UVOL: timeout of 10000ms exceeded
[Internals ERROR] Failed to fetch $TICK: timeout of 10000ms exceeded
[Internals ERROR] Failed to fetch $DVOL: Request failed with status code 404
[Internals ERROR] Failed to fetch $VIX: Request failed with status code 404
[Internals ERROR] Failed to fetch $SPX: Request failed with status code 404
[Internals ERROR] Failed to fetch $COMPX: Request failed with status code 404
[Internals ERROR] Failed to fetch $DJI: Request failed with status code 404
[Internals ERROR] Failed to fetch $TRIN: timeout of 10000ms exceeded
[Internals ERROR] Failed to fetch $TICK: timeout of 10000ms exceeded
[Internals ERROR] Failed to fetch $DECN: timeout of 10000ms exceeded
[Internals ERROR] Failed to fetch $TRIN: timeout of 10000ms exceeded
[Internals ERROR] Failed to fetch $TICK: timeout of 10000ms exceeded
[Internals ERROR] Failed to fetch $TRIN: timeout of 10000ms exceeded
[Internals ERROR] Failed to fetch $UVOL: timeout of 10000ms exceeded
[Internals ERROR] Failed to fetch $DVOL: timeout of 10000ms exceeded
[Internals ERROR] Failed to fetch $VIX: timeout of 10000ms exceeded
[Internals ERROR] Failed to fetch $SPX: timeout of 10000ms exceeded
[Internals ERROR] Failed to fetch $UVOL: timeout of 10000ms exceeded
[Internals ERROR] Failed to fetch $TRIN: timeout of 10000ms exceeded
[Internals ERROR] Failed to fetch $TICK: timeout of 10000ms exceeded
[Internals ERROR] Failed to fetch $VIX: timeout of 10000ms exceeded
[Internals ERROR] Failed to fetch $TICK: timeout of 10000ms exceeded
[Internals ERROR] Failed to fetch $TRIN: timeout of 10000ms exceeded
