[Opportunity] Outside market hours, skipping scan
[Opportunity] Outside market hours, skipping scan
[Opportunity] Outside market hours, skipping scan
[Opportunity] Outside market hours, skipping scan
[Opportunity] Outside market hours, skipping scan
[Opportunity] Outside market hours, skipping scan
[Opportunity] Outside market hours, skipping scan
[Opportunity] Outside market hours, skipping scan
[Opportunity] Outside market hours, skipping scan
[Opportunity] Outside market hours, skipping scan
[Opportunity] Outside market hours, skipping scan
[Opportunity] Outside market hours, skipping scan
[Opportunity] Outside market hours, skipping scan
[Opportunity] Outside market hours, skipping scan
[Opportunity] Outside market hours, skipping scan
[Opportunity] Outside market hours, skipping scan
[Opportunity] Outside market hours, skipping scan
[Opportunity] Outside market hours, skipping scan
[Opportunity] Outside market hours, skipping scan
[Opportunity] Outside market hours, skipping scan
[Opportunity] Outside market hours, skipping scan
[Opportunity] Outside market hours, skipping scan
[Opportunity] Outside market hours, skipping scan
[Opportunity] Outside market hours, skipping scan
[Opportunity] Outside market hours, skipping scan
[Opportunity] Outside market hours, skipping scan
[Opportunity] Outside market hours, skipping scan
[Opportunity] Outside market hours, skipping scan
[Opportunity] Outside market hours, skipping scan
[Opportunity] Outside market hours, skipping scan
[Opportunity] Outside market hours, skipping scan
[Opportunity] Outside market hours, skipping scan
[Opportunity] Outside market hours, skipping scan
[Opportunity] Outside market hours, skipping scan
[Opportunity] Outside market hours, skipping scan
[Opportunity] Outside market hours, skipping scan
[Opportunity] Outside market hours, skipping scan
[Opportunity] Outside market hours, skipping scan
[Opportunity] Outside market hours, skipping scan
[Opportunity] Outside market hours, skipping scan
[Opportunity] Outside market hours, skipping scan
[Opportunity] Outside market hours, skipping scan
[Opportunity] Outside market hours, skipping scan
[Opportunity] Outside market hours, skipping scan
[Opportunity] Outside market hours, skipping scan
[Opportunity] Outside market hours, skipping scan
[Opportunity] Outside market hours, skipping scan
[Opportunity] Outside market hours, skipping scan
[Opportunity] Outside market hours, skipping scan
[Opportunity] Outside market hours, skipping scan
[Opportunity] Outside market hours, skipping scan
[Opportunity] Outside market hours, skipping scan
[Opportunity] Outside market hours, skipping scan
[Opportunity] Outside market hours, skipping scan
[Opportunity] Outside market hours, skipping scan
[Opportunity] Outside market hours, skipping scan
[Opportunity] Outside market hours, skipping scan
[Opportunity] Outside market hours, skipping scan
[Opportunity] Outside market hours, skipping scan
[Opportunity] Outside market hours, skipping scan
[Opportunity] Outside market hours, skipping scan
[Opportunity] Outside market hours, skipping scan
[Opportunity] Outside market hours, skipping scan
[Opportunity] Outside market hours, skipping scan
[Opportunity] Outside market hours, skipping scan
[Opportunity] Outside market hours, skipping scan
[Opportunity] Outside market hours, skipping scan
[Opportunity] Outside market hours, skipping scan
[Opportunity] Outside market hours, skipping scan
[Opportunity] Outside market hours, skipping scan
[Opportunity] Outside market hours, skipping scan
[Opportunity] Outside market hours, skipping scan
[Opportunity] Outside market hours, skipping scan
[Opportunity] Outside market hours, skipping scan
[Opportunity] Outside market hours, skipping scan
[Opportunity] Outside market hours, skipping scan
[Opportunity] Outside market hours, skipping scan
[Opportunity] Outside market hours, skipping scan
[Opportunity] Outside market hours, skipping scan
[Opportunity] Outside market hours, skipping scan
[Opportunity] Outside market hours, skipping scan
[Opportunity] Outside market hours, skipping scan
[Opportunity] Outside market hours, skipping scan
[Opportunity] Outside market hours, skipping scan
[Opportunity] Outside market hours, skipping scan
[Opportunity] Outside market hours, skipping scan
[Opportunity] Outside market hours, skipping scan
[Opportunity] Outside market hours, skipping scan
[Opportunity] Outside market hours, skipping scan
[Opportunity] Outside market hours, skipping scan
[Opportunity] Outside market hours, skipping scan
[Opportunity] Outside market hours, skipping scan
[Opportunity] Outside market hours, skipping scan
[Opportunity] Outside market hours, skipping scan
[Opportunity] Outside market hours, skipping scan
[Opportunity] Outside market hours, skipping scan
[Opportunity] Outside market hours, skipping scan
[Opportunity] Outside market hours, skipping scan
[Opportunity] Outside market hours, skipping scan
[Opportunity] Outside market hours, skipping scan
[Opportunity] Outside market hours, skipping scan
[Opportunity] Outside market hours, skipping scan
[Opportunity] Outside market hours, skipping scan
[Opportunity] Outside market hours, skipping scan
[Opportunity] Outside market hours, skipping scan
[Opportunity] Outside market hours, skipping scan
[Opportunity] Outside market hours, skipping scan
[Opportunity] Outside market hours, skipping scan
[Opportunity] Outside market hours, skipping scan
[Opportunity] Outside market hours, skipping scan
[Opportunity] Outside market hours, skipping scan
[Opportunity] Outside market hours, skipping scan
[Opportunity] Outside market hours, skipping scan
[Opportunity] Outside market hours, skipping scan
[Opportunity] Outside market hours, skipping scan
[Opportunity] Outside market hours, skipping scan
[Opportunity] Outside market hours, skipping scan
[Opportunity] Outside market hours, skipping scan
[Opportunity] Outside market hours, skipping scan
[Opportunity] Outside market hours, skipping scan
[Opportunity] Outside market hours, skipping scan
[Opportunity] Outside market hours, skipping scan
[Opportunity] Outside market hours, skipping scan
[Opportunity] Outside market hours, skipping scan
[Opportunity] Outside market hours, skipping scan
[Opportunity] Outside market hours, skipping scan
[Opportunity] Outside market hours, skipping scan
[Opportunity] Outside market hours, skipping scan
[Opportunity] Outside market hours, skipping scan
[Opportunity] Outside market hours, skipping scan
[Opportunity] Outside market hours, skipping scan
[Opportunity] Outside market hours, skipping scan
[Opportunity] Outside market hours, skipping scan
[Opportunity] Outside market hours, skipping scan
[Opportunity] Outside market hours, skipping scan
[Opportunity] Outside market hours, skipping scan
[Opportunity] Outside market hours, skipping scan
[Opportunity] Outside market hours, skipping scan
[Opportunity] Outside market hours, skipping scan
[Opportunity] Outside market hours, skipping scan
[Opportunity] Outside market hours, skipping scan
[Opportunity] Outside market hours, skipping scan
[Opportunity] Outside market hours, skipping scan
[Opportunity] Outside market hours, skipping scan
[Opportunity] Outside market hours, skipping scan
[Opportunity] Outside market hours, skipping scan
[Opportunity] Outside market hours, skipping scan
[Opportunity] Outside market hours, skipping scan
[Opportunity] Outside market hours, skipping scan
[Opportunity] Outside market hours, skipping scan
[Opportunity] Outside market hours, skipping scan
[Opportunity] Outside market hours, skipping scan
[Opportunity] Outside market hours, skipping scan
[Opportunity] Outside market hours, skipping scan
[Opportunity] Outside market hours, skipping scan
[Opportunity] Outside market hours, skipping scan
[Opportunity] Outside market hours, skipping scan
[Opportunity] Outside market hours, skipping scan
[Opportunity] Outside market hours, skipping scan
[Opportunity] Outside market hours, skipping scan
[Opportunity] Outside market hours, skipping scan
[Opportunity] Outside market hours, skipping scan
[Opportunity] Outside market hours, skipping scan
[Opportunity] Outside market hours, skipping scan
[Opportunity] Outside market hours, skipping scan
[Opportunity] Outside market hours, skipping scan
[Opportunity] Outside market hours, skipping scan
[Opportunity] Outside market hours, skipping scan
[Opportunity] Outside market hours, skipping scan
[Opportunity] Outside market hours, skipping scan
[Opportunity] Outside market hours, skipping scan
[Opportunity] Outside market hours, skipping scan
[Opportunity] Outside market hours, skipping scan
[Opportunity] Outside market hours, skipping scan
[Opportunity] Outside market hours, skipping scan
[Opportunity] Outside market hours, skipping scan
[Opportunity] Outside market hours, skipping scan
[Opportunity] Outside market hours, skipping scan
[Opportunity] Outside market hours, skipping scan
[Opportunity] Outside market hours, skipping scan
[Opportunity] Outside market hours, skipping scan
[Opportunity] Outside market hours, skipping scan
[Opportunity] Outside market hours, skipping scan
[Opportunity] Outside market hours, skipping scan
[Opportunity] Outside market hours, skipping scan
[Opportunity] Outside market hours, skipping scan
[Opportunity] Outside market hours, skipping scan
[Opportunity] Outside market hours, skipping scan
[Opportunity] Outside market hours, skipping scan
[Opportunity] Outside market hours, skipping scan
[Opportunity] Outside market hours, skipping scan
[Opportunity] Outside market hours, skipping scan
[Opportunity] Outside market hours, skipping scan
[Opportunity] Outside market hours, skipping scan
[Opportunity] Outside market hours, skipping scan
[Opportunity] Outside market hours, skipping scan
[Opportunity] Outside market hours, skipping scan
[Opportunity] Outside market hours, skipping scan
[Opportunity] Outside market hours, skipping scan
[Opportunity] Outside market hours, skipping scan
[Opportunity] Outside market hours, skipping scan
[Opportunity] Outside market hours, skipping scan
[Opportunity] Outside market hours, skipping scan
[Opportunity] Outside market hours, skipping scan
[Opportunity] Outside market hours, skipping scan
[Opportunity] Outside market hours, skipping scan
[Opportunity] Outside market hours, skipping scan
[Opportunity] Outside market hours, skipping scan
[Opportunity] Outside market hours, skipping scan
[Opportunity] Outside market hours, skipping scan
[Opportunity] Outside market hours, skipping scan
[Opportunity] Outside market hours, skipping scan
[Opportunity] Outside market hours, skipping scan
[Opportunity] Outside market hours, skipping scan
[Opportunity] Outside market hours, skipping scan
[Opportunity] Outside market hours, skipping scan
[Opportunity] Outside market hours, skipping scan
[Opportunity] Outside market hours, skipping scan
[Opportunity] Outside market hours, skipping scan
[Opportunity] Outside market hours, skipping scan
[Opportunity] Outside market hours, skipping scan
[Opportunity] Outside market hours, skipping scan
[Opportunity] Outside market hours, skipping scan
[Opportunity] Outside market hours, skipping scan
[Opportunity] Outside market hours, skipping scan
[Opportunity] Outside market hours, skipping scan
[Opportunity] Outside market hours, skipping scan
[Opportunity] Outside market hours, skipping scan
[Opportunity] Outside market hours, skipping scan
[Opportunity] Outside market hours, skipping scan
[Opportunity] Outside market hours, skipping scan
[Opportunity] Outside market hours, skipping scan
[Opportunity] Outside market hours, skipping scan
[Opportunity] Outside market hours, skipping scan
[Opportunity] Outside market hours, skipping scan
[Opportunity] Outside market hours, skipping scan
[Opportunity] Outside market hours, skipping scan
[Opportunity] Outside market hours, skipping scan
[Opportunity] Outside market hours, skipping scan
[Opportunity] Outside market hours, skipping scan
[Opportunity] Outside market hours, skipping scan
[Opportunity] Outside market hours, skipping scan
[Opportunity] Outside market hours, skipping scan
[Opportunity] Outside market hours, skipping scan
[Opportunity] Outside market hours, skipping scan
[Opportunity] Outside market hours, skipping scan
[Opportunity] Outside market hours, skipping scan
[Opportunity] Outside market hours, skipping scan
[Opportunity] Outside market hours, skipping scan
[Opportunity] Outside market hours, skipping scan
[Opportunity] Outside market hours, skipping scan
[Opportunity] Outside market hours, skipping scan
[Opportunity] Outside market hours, skipping scan
[Opportunity] Outside market hours, skipping scan
[Opportunity] Outside market hours, skipping scan
[Opportunity] Outside market hours, skipping scan
[Opportunity] Outside market hours, skipping scan
[Opportunity] Outside market hours, skipping scan
[Opportunity] Outside market hours, skipping scan
[Opportunity] Outside market hours, skipping scan
[Opportunity] Outside market hours, skipping scan
[Opportunity] Outside market hours, skipping scan
[Opportunity] Outside market hours, skipping scan
[Opportunity] Outside market hours, skipping scan
[Opportunity] Outside market hours, skipping scan
[Opportunity] Outside market hours, skipping scan
[Opportunity] Outside market hours, skipping scan
[Opportunity] Outside market hours, skipping scan
[Opportunity] Outside market hours, skipping scan
[Opportunity] Outside market hours, skipping scan
[Opportunity] Outside market hours, skipping scan
[Opportunity] Outside market hours, skipping scan
[Opportunity] Outside market hours, skipping scan
[Opportunity] Outside market hours, skipping scan
[Opportunity] Outside market hours, skipping scan
[Opportunity] Outside market hours, skipping scan
[Opportunity] Outside market hours, skipping scan
[Opportunity] Outside market hours, skipping scan
[Opportunity] Outside market hours, skipping scan
[Opportunity] Outside market hours, skipping scan
[Opportunity] Outside market hours, skipping scan
[Opportunity] Outside market hours, skipping scan
[Opportunity] Outside market hours, skipping scan
[Opportunity] Outside market hours, skipping scan
[Opportunity] Outside market hours, skipping scan
[Opportunity] Outside market hours, skipping scan
[Opportunity] Outside market hours, skipping scan
[Opportunity] Outside market hours, skipping scan
[Opportunity] Outside market hours, skipping scan
[Opportunity] Outside market hours, skipping scan
[Opportunity] Outside market hours, skipping scan
[Opportunity] Outside market hours, skipping scan
[Opportunity] Outside market hours, skipping scan
[Opportunity] Outside market hours, skipping scan
[Opportunity] Outside market hours, skipping scan
[Opportunity] Outside market hours, skipping scan
[Opportunity] Outside market hours, skipping scan
[Opportunity] Outside market hours, skipping scan
[Opportunity] Outside market hours, skipping scan
[Opportunity] Outside market hours, skipping scan
[Opportunity] Outside market hours, skipping scan
[Opportunity] Outside market hours, skipping scan
[Opportunity] Outside market hours, skipping scan
[Opportunity] Outside market hours, skipping scan
[Opportunity] Outside market hours, skipping scan
[Opportunity] Outside market hours, skipping scan
[Opportunity] Outside market hours, skipping scan
[Opportunity] Outside market hours, skipping scan
[Opportunity] Outside market hours, skipping scan
[Opportunity] Outside market hours, skipping scan
[Opportunity] Outside market hours, skipping scan
[Opportunity] Outside market hours, skipping scan
[Opportunity] Outside market hours, skipping scan
[Opportunity] Outside market hours, skipping scan
[Opportunity] Outside market hours, skipping scan
[Opportunity] Outside market hours, skipping scan
[Opportunity] Outside market hours, skipping scan
[Opportunity] Outside market hours, skipping scan
[Opportunity] Outside market hours, skipping scan
[Opportunity] Outside market hours, skipping scan
[Opportunity] Outside market hours, skipping scan
[Opportunity] Outside market hours, skipping scan
[Opportunity] Outside market hours, skipping scan
[Opportunity] Outside market hours, skipping scan
[Opportunity] Outside market hours, skipping scan
[Opportunity] Outside market hours, skipping scan
[Opportunity] Outside market hours, skipping scan
[Opportunity] Outside market hours, skipping scan
[Opportunity] Outside market hours, skipping scan
[Opportunity] Outside market hours, skipping scan
[Opportunity] Outside market hours, skipping scan
[Opportunity] Outside market hours, skipping scan
[Opportunity] Outside market hours, skipping scan
[Opportunity] Outside market hours, skipping scan
[Opportunity] Outside market hours, skipping scan
[Opportunity] Outside market hours, skipping scan
[Opportunity] Outside market hours, skipping scan
[Opportunity] Outside market hours, skipping scan
[Opportunity] Outside market hours, skipping scan
[Opportunity] Outside market hours, skipping scan
[Opportunity] Outside market hours, skipping scan
[Opportunity] Outside market hours, skipping scan
[Opportunity] Outside market hours, skipping scan
[Opportunity] Outside market hours, skipping scan
[Opportunity] Outside market hours, skipping scan
[Opportunity] Outside market hours, skipping scan
[Opportunity] Outside market hours, skipping scan
[Opportunity] Outside market hours, skipping scan
[Opportunity] Outside market hours, skipping scan
[Opportunity] Outside market hours, skipping scan
[Opportunity] Outside market hours, skipping scan
[Opportunity] Outside market hours, skipping scan
[Opportunity] Outside market hours, skipping scan
[Opportunity] Outside market hours, skipping scan
[Opportunity] Outside market hours, skipping scan
[Opportunity] Outside market hours, skipping scan
[Opportunity] Outside market hours, skipping scan
[Opportunity] Outside market hours, skipping scan
[Opportunity] Outside market hours, skipping scan
[Opportunity] Outside market hours, skipping scan
[Opportunity] Outside market hours, skipping scan
[Opportunity] Outside market hours, skipping scan
[Opportunity] Outside market hours, skipping scan
[Opportunity] Outside market hours, skipping scan
[Opportunity] Outside market hours, skipping scan
[Opportunity] Outside market hours, skipping scan
[Opportunity] Outside market hours, skipping scan
[Opportunity] Outside market hours, skipping scan
[Opportunity] Outside market hours, skipping scan
[Opportunity] Outside market hours, skipping scan
[Opportunity] Outside market hours, skipping scan
[Opportunity] Outside market hours, skipping scan
[Opportunity] Outside market hours, skipping scan
[Opportunity] Outside market hours, skipping scan
[Opportunity] Outside market hours, skipping scan
[Opportunity] Outside market hours, skipping scan
[Opportunity] Outside market hours, skipping scan
[Opportunity] Outside market hours, skipping scan
[Opportunity] Outside market hours, skipping scan
[Opportunity] Outside market hours, skipping scan
[Opportunity] Outside market hours, skipping scan
[Opportunity] Outside market hours, skipping scan
[Opportunity] Outside market hours, skipping scan
[Opportunity] Outside market hours, skipping scan
[Opportunity] Outside market hours, skipping scan
[Opportunity] Outside market hours, skipping scan
[Opportunity] Outside market hours, skipping scan
[Opportunity] Outside market hours, skipping scan
[Opportunity] Outside market hours, skipping scan
[Opportunity] Outside market hours, skipping scan
[Opportunity] Outside market hours, skipping scan
[Opportunity] Outside market hours, skipping scan
[Opportunity] Outside market hours, skipping scan
[Opportunity] Outside market hours, skipping scan
[Opportunity] Outside market hours, skipping scan
[Opportunity] Outside market hours, skipping scan
[Opportunity] Outside market hours, skipping scan
[Opportunity] Outside market hours, skipping scan
[Opportunity] Outside market hours, skipping scan
[Opportunity] Outside market hours, skipping scan
[Opportunity] Outside market hours, skipping scan
[Opportunity] Outside market hours, skipping scan
[Opportunity] Outside market hours, skipping scan
[Opportunity] Outside market hours, skipping scan
[Opportunity] Outside market hours, skipping scan
[Opportunity] Outside market hours, skipping scan
[Opportunity] Outside market hours, skipping scan
[Opportunity] Outside market hours, skipping scan
[Opportunity] Outside market hours, skipping scan
[Opportunity] Outside market hours, skipping scan
[Opportunity] Outside market hours, skipping scan
[Opportunity] Outside market hours, skipping scan
[Opportunity] Outside market hours, skipping scan
[Opportunity] Outside market hours, skipping scan
[Opportunity] Outside market hours, skipping scan
[Opportunity] Outside market hours, skipping scan
[Opportunity] Outside market hours, skipping scan
[Opportunity] Outside market hours, skipping scan
[Opportunity] Outside market hours, skipping scan
[Opportunity] Outside market hours, skipping scan
[Opportunity] Outside market hours, skipping scan
[Opportunity] Outside market hours, skipping scan
[Opportunity] Outside market hours, skipping scan
[Opportunity] Outside market hours, skipping scan
[Opportunity] Outside market hours, skipping scan
[Opportunity] Outside market hours, skipping scan
[Opportunity] Outside market hours, skipping scan
[Opportunity] Outside market hours, skipping scan
[Opportunity] Outside market hours, skipping scan
[Opportunity] Outside market hours, skipping scan
[Opportunity] Outside market hours, skipping scan
[Opportunity] Outside market hours, skipping scan
[Opportunity] Outside market hours, skipping scan
[Opportunity] Outside market hours, skipping scan
[Opportunity] Outside market hours, skipping scan
[Opportunity] Outside market hours, skipping scan
[Opportunity] Outside market hours, skipping scan
[Opportunity] Outside market hours, skipping scan
[Opportunity] Outside market hours, skipping scan
[Opportunity] Outside market hours, skipping scan
[Opportunity] Outside market hours, skipping scan
[Opportunity] Outside market hours, skipping scan
[Opportunity] Outside market hours, skipping scan
[Opportunity] Outside market hours, skipping scan
[Opportunity] Outside market hours, skipping scan
[Opportunity] Outside market hours, skipping scan
[Opportunity] Outside market hours, skipping scan
[Opportunity] Outside market hours, skipping scan
[Opportunity] Outside market hours, skipping scan
[Opportunity] Outside market hours, skipping scan
[Opportunity] Outside market hours, skipping scan
[Opportunity] Outside market hours, skipping scan
[Opportunity] Outside market hours, skipping scan
[Opportunity] Outside market hours, skipping scan
[Opportunity] Outside market hours, skipping scan
[Opportunity] Outside market hours, skipping scan
[Opportunity] Outside market hours, skipping scan
[Opportunity] Outside market hours, skipping scan
[Opportunity] Outside market hours, skipping scan
[Opportunity] Outside market hours, skipping scan
[Opportunity] Outside market hours, skipping scan
[Opportunity] Outside market hours, skipping scan
[Opportunity] Outside market hours, skipping scan
[Opportunity] Outside market hours, skipping scan
[Opportunity] Outside market hours, skipping scan
[Opportunity] Outside market hours, skipping scan
[Opportunity] Outside market hours, skipping scan
[Opportunity] Outside market hours, skipping scan
[Opportunity] Outside market hours, skipping scan
[Opportunity] Outside market hours, skipping scan
[Opportunity] Outside market hours, skipping scan
[Opportunity] Outside market hours, skipping scan
[Opportunity] Outside market hours, skipping scan
[Opportunity] Outside market hours, skipping scan
[Opportunity] Outside market hours, skipping scan
[Opportunity] Outside market hours, skipping scan
[Opportunity] Outside market hours, skipping scan
[Opportunity] Outside market hours, skipping scan
[Opportunity] Outside market hours, skipping scan
[Opportunity] Outside market hours, skipping scan
[Opportunity] Outside market hours, skipping scan
[Opportunity] Outside market hours, skipping scan
[Opportunity] Outside market hours, skipping scan
[Opportunity] Outside market hours, skipping scan
[Opportunity] Outside market hours, skipping scan
[Opportunity] Outside market hours, skipping scan
[Opportunity] Outside market hours, skipping scan
[Opportunity] Outside market hours, skipping scan
[Opportunity] Outside market hours, skipping scan
[Opportunity] Outside market hours, skipping scan
[Opportunity] Outside market hours, skipping scan
[Opportunity] Outside market hours, skipping scan
[Opportunity] Outside market hours, skipping scan
[Opportunity] Outside market hours, skipping scan
[Opportunity] Outside market hours, skipping scan
[Opportunity] Outside market hours, skipping scan
[Opportunity] Outside market hours, skipping scan
[Opportunity] Outside market hours, skipping scan
[Opportunity] Outside market hours, skipping scan
[Opportunity] Outside market hours, skipping scan
[Opportunity] Outside market hours, skipping scan
[Opportunity] Outside market hours, skipping scan
[Opportunity] Outside market hours, skipping scan
[Opportunity] Outside market hours, skipping scan
[Opportunity] Outside market hours, skipping scan
[Opportunity] Outside market hours, skipping scan
[Opportunity] Outside market hours, skipping scan
[Opportunity] Outside market hours, skipping scan
[Opportunity] Outside market hours, skipping scan
[Opportunity] Outside market hours, skipping scan
[Opportunity] Outside market hours, skipping scan
[Opportunity] Outside market hours, skipping scan
[Opportunity] Outside market hours, skipping scan
[Opportunity] Outside market hours, skipping scan
[Opportunity] Outside market hours, skipping scan
[Opportunity] Outside market hours, skipping scan
[Opportunity] Outside market hours, skipping scan
[Opportunity] Outside market hours, skipping scan
[Opportunity] Outside market hours, skipping scan
[Opportunity] Outside market hours, skipping scan
[Opportunity] Outside market hours, skipping scan
[Opportunity] Outside market hours, skipping scan
[Opportunity] Outside market hours, skipping scan
[Opportunity] Outside market hours, skipping scan
[Opportunity] Outside market hours, skipping scan
[Opportunity] Outside market hours, skipping scan
[Opportunity] Outside market hours, skipping scan
[Opportunity] Outside market hours, skipping scan
[Opportunity] Outside market hours, skipping scan
[Opportunity] Outside market hours, skipping scan
[Opportunity] Outside market hours, skipping scan
[Opportunity] Outside market hours, skipping scan
[Opportunity] Outside market hours, skipping scan
[Opportunity] Outside market hours, skipping scan
[Opportunity] Outside market hours, skipping scan
[Opportunity] Outside market hours, skipping scan
[Opportunity] Outside market hours, skipping scan
[Opportunity] Outside market hours, skipping scan
[Opportunity] Outside market hours, skipping scan
[Opportunity] Outside market hours, skipping scan
[Opportunity] Outside market hours, skipping scan
[Opportunity] Outside market hours, skipping scan
[Opportunity] Outside market hours, skipping scan
[Opportunity] Outside market hours, skipping scan
[Opportunity] Outside market hours, skipping scan
[Opportunity] Outside market hours, skipping scan
[Opportunity] Outside market hours, skipping scan
[Opportunity] Outside market hours, skipping scan
[Opportunity] Outside market hours, skipping scan
[Opportunity] Outside market hours, skipping scan
[Opportunity] Outside market hours, skipping scan
[Opportunity] Outside market hours, skipping scan
[Opportunity] Outside market hours, skipping scan
[Opportunity] Outside market hours, skipping scan
[Opportunity] Outside market hours, skipping scan
[Opportunity] Outside market hours, skipping scan
[Opportunity] Outside market hours, skipping scan
[Opportunity] Outside market hours, skipping scan
[Opportunity] Outside market hours, skipping scan
[Opportunity] Outside market hours, skipping scan
[Opportunity] Outside market hours, skipping scan
[Opportunity] Outside market hours, skipping scan
[Opportunity] Outside market hours, skipping scan
[Opportunity] Outside market hours, skipping scan
[Opportunity] Outside market hours, skipping scan
[Opportunity] Outside market hours, skipping scan
[Opportunity] Outside market hours, skipping scan
[Opportunity] Outside market hours, skipping scan
[Opportunity] Outside market hours, skipping scan
[Opportunity] Outside market hours, skipping scan
[Opportunity] Outside market hours, skipping scan
[Opportunity] Outside market hours, skipping scan
[Opportunity] Outside market hours, skipping scan
[Opportunity] Outside market hours, skipping scan
[Opportunity] Outside market hours, skipping scan
[Opportunity] Outside market hours, skipping scan
[Opportunity] Outside market hours, skipping scan
[Opportunity] Outside market hours, skipping scan
[Opportunity] Outside market hours, skipping scan
[Opportunity] Outside market hours, skipping scan
[Opportunity] Outside market hours, skipping scan
[Opportunity] Outside market hours, skipping scan
[Opportunity] Outside market hours, skipping scan
[Opportunity] Outside market hours, skipping scan
[Opportunity] Outside market hours, skipping scan
[Opportunity] Outside market hours, skipping scan
[Opportunity] Outside market hours, skipping scan
[Opportunity] Outside market hours, skipping scan
[Opportunity] Outside market hours, skipping scan
[Opportunity] Outside market hours, skipping scan
[Opportunity] Outside market hours, skipping scan
[Opportunity] Outside market hours, skipping scan
[Opportunity] Outside market hours, skipping scan
[Opportunity] Outside market hours, skipping scan
[Opportunity] Outside market hours, skipping scan
[Opportunity] Outside market hours, skipping scan
[Opportunity] Outside market hours, skipping scan
[Opportunity] Outside market hours, skipping scan
[Opportunity] Outside market hours, skipping scan
[Opportunity] Outside market hours, skipping scan
[Opportunity] Outside market hours, skipping scan
[Opportunity] Outside market hours, skipping scan
[Opportunity] Outside market hours, skipping scan
[Opportunity] Outside market hours, skipping scan
[Opportunity] Outside market hours, skipping scan
[Opportunity] Outside market hours, skipping scan
[Opportunity] Outside market hours, skipping scan
[Opportunity] Outside market hours, skipping scan
[Opportunity] Outside market hours, skipping scan
[Opportunity] Outside market hours, skipping scan
[Opportunity] Outside market hours, skipping scan
[Opportunity] Outside market hours, skipping scan
[Opportunity] Outside market hours, skipping scan
[Opportunity] Outside market hours, skipping scan
[Opportunity] Outside market hours, skipping scan
[Opportunity] Outside market hours, skipping scan
[Opportunity] Outside market hours, skipping scan
[Opportunity] Outside market hours, skipping scan
[Opportunity] Outside market hours, skipping scan
[Opportunity] Outside market hours, skipping scan
[Opportunity] Outside market hours, skipping scan
[Opportunity] Outside market hours, skipping scan
[Opportunity] Outside market hours, skipping scan
[Opportunity] Outside market hours, skipping scan
[Opportunity] Outside market hours, skipping scan
[Opportunity] Outside market hours, skipping scan
[Opportunity] Outside market hours, skipping scan
[Opportunity] Outside market hours, skipping scan
[Opportunity] Outside market hours, skipping scan
[Opportunity] Outside market hours, skipping scan
[Opportunity] Outside market hours, skipping scan
[Opportunity] Outside market hours, skipping scan
[Opportunity] Outside market hours, skipping scan
[Opportunity] Outside market hours, skipping scan
[Opportunity] Outside market hours, skipping scan
[Opportunity] Outside market hours, skipping scan
[Opportunity] Outside market hours, skipping scan
[Opportunity] Outside market hours, skipping scan
[Opportunity] Outside market hours, skipping scan
[Opportunity] Outside market hours, skipping scan
[Opportunity] Outside market hours, skipping scan
[Opportunity] Outside market hours, skipping scan
[Opportunity] Outside market hours, skipping scan
[Opportunity] Outside market hours, skipping scan
[Opportunity] Outside market hours, skipping scan
[Opportunity] Outside market hours, skipping scan
[Opportunity] Outside market hours, skipping scan
[Opportunity] Outside market hours, skipping scan
[Opportunity] Outside market hours, skipping scan
[Opportunity] Outside market hours, skipping scan
[Opportunity] Outside market hours, skipping scan
[Opportunity] Outside market hours, skipping scan
[Opportunity] Outside market hours, skipping scan
[Opportunity] Outside market hours, skipping scan
[Opportunity] Outside market hours, skipping scan
[Opportunity] Outside market hours, skipping scan
[Opportunity] Outside market hours, skipping scan
[Opportunity] Outside market hours, skipping scan
[Opportunity] Outside market hours, skipping scan
[Opportunity] Outside market hours, skipping scan
[Opportunity] Outside market hours, skipping scan
[Opportunity] Outside market hours, skipping scan
[Opportunity] Outside market hours, skipping scan
[Opportunity] Outside market hours, skipping scan
[Opportunity] Outside market hours, skipping scan
[Opportunity] Outside market hours, skipping scan
[Opportunity] Outside market hours, skipping scan
[Opportunity] Outside market hours, skipping scan
[Opportunity] Outside market hours, skipping scan
[Opportunity] Outside market hours, skipping scan
[Opportunity] Outside market hours, skipping scan
[Opportunity] Outside market hours, skipping scan
[Opportunity] Outside market hours, skipping scan
[Opportunity] Outside market hours, skipping scan
[Opportunity] Outside market hours, skipping scan
[Opportunity] Outside market hours, skipping scan
[Opportunity] Outside market hours, skipping scan
[Opportunity] Outside market hours, skipping scan
[Opportunity] Outside market hours, skipping scan
[Opportunity] Outside market hours, skipping scan
[Opportunity] Outside market hours, skipping scan
[Opportunity] Outside market hours, skipping scan
[Opportunity] Outside market hours, skipping scan
[Opportunity] Outside market hours, skipping scan
[Opportunity] Outside market hours, skipping scan
[Opportunity] Outside market hours, skipping scan
[Opportunity] Outside market hours, skipping scan
[Opportunity] Outside market hours, skipping scan
[Opportunity] Outside market hours, skipping scan
[Opportunity] Outside market hours, skipping scan
[Opportunity] Outside market hours, skipping scan
[Opportunity] Outside market hours, skipping scan
[Opportunity] Outside market hours, skipping scan
[Opportunity] Outside market hours, skipping scan
[Opportunity] Outside market hours, skipping scan
[Opportunity] Outside market hours, skipping scan
[Opportunity] Outside market hours, skipping scan
[Opportunity] Outside market hours, skipping scan
[Opportunity] Outside market hours, skipping scan
[Opportunity] Outside market hours, skipping scan
[Opportunity] Outside market hours, skipping scan
[Opportunity] Outside market hours, skipping scan
[Opportunity] Outside market hours, skipping scan
[Opportunity] Outside market hours, skipping scan
[Opportunity] Outside market hours, skipping scan
[Opportunity] Outside market hours, skipping scan
[Opportunity] Outside market hours, skipping scan
[Opportunity] Outside market hours, skipping scan
[Opportunity] Outside market hours, skipping scan
[Opportunity] Outside market hours, skipping scan
[Opportunity] Outside market hours, skipping scan
[Opportunity] Outside market hours, skipping scan
[Opportunity] Outside market hours, skipping scan
[Opportunity] Outside market hours, skipping scan
[Opportunity] Outside market hours, skipping scan
[Opportunity] Outside market hours, skipping scan
[Opportunity] Outside market hours, skipping scan
[Opportunity] Outside market hours, skipping scan
[Opportunity] Outside market hours, skipping scan
[Opportunity] Outside market hours, skipping scan
[Opportunity] Outside market hours, skipping scan
[Opportunity] Outside market hours, skipping scan
[Opportunity] Outside market hours, skipping scan
[Opportunity] Outside market hours, skipping scan
[Opportunity] Outside market hours, skipping scan
[Opportunity] Outside market hours, skipping scan
[Opportunity] Outside market hours, skipping scan
[Opportunity] Outside market hours, skipping scan
[Opportunity] Outside market hours, skipping scan
[Opportunity] Outside market hours, skipping scan
[Opportunity] Outside market hours, skipping scan
[Opportunity] Outside market hours, skipping scan

[Opportunity] ===== SCAN #1 =====
[Opportunity] Time: 2026-02-17T13:02:05.408Z
[Opportunity] VIX: 22.27 (elevated) | SPY: 679.76 (bearish)
[Opportunity] Discovery: 30 symbols from [core:3, watchlist:9, volume:10, nasdaq:1, extremes:5, etf_categories:21]
[Opportunity] Discovery: 30 symbols in 2.3s
[Opportunity] Analyzing 30 symbols (sequential, ~66s est)...
[Opportunity] Results: 0 HIGH_CONVICTION, 0 TRADEABLE, 0 WATCH
[OpportunityDB] Saved scan: 30 opportunities, scanId=1904
[Opportunity] Alerts sent: 0 (0 unique today)
[Opportunity] Scan complete in 197s. Next scan at 2026-02-17T13:07:05.408Z

[Opportunity] ===== SCAN #2 =====
[Opportunity] Time: 2026-02-17T13:07:05.408Z
[Opportunity] VIX: 22.53 (elevated) | SPY: 677.76 (bearish)
[Opportunity] Discovery: 30 symbols from [core:3, watchlist:9, volume:10, nasdaq:1, extremes:5, etf_categories:21]
[Opportunity] Discovery: 30 symbols in 2.0s
[Opportunity] Analyzing 30 symbols (sequential, ~66s est)...
[Opportunity] Results: 0 HIGH_CONVICTION, 0 TRADEABLE, 0 WATCH
[OpportunityDB] Saved scan: 30 opportunities, scanId=1905
[Opportunity] Alerts sent: 0 (0 unique today)
[Opportunity] Scan complete in 216s. Next scan at 2026-02-17T13:12:05.408Z

[Opportunity] ===== SCAN #3 =====
[Opportunity] Time: 2026-02-17T13:12:05.408Z
[Opportunity] VIX: 22.68 (elevated) | SPY: 677.29 (bearish)
[Opportunity] Discovery: 30 symbols from [core:3, watchlist:9, volume:10, nasdaq:1, extremes:4, etf_categories:21]
[Opportunity] Discovery: 30 symbols in 1.6s
[Opportunity] Analyzing 30 symbols (sequential, ~66s est)...
[Opportunity] Results: 0 HIGH_CONVICTION, 0 TRADEABLE, 0 WATCH
[OpportunityDB] Saved scan: 30 opportunities, scanId=1906
[Opportunity] Alerts sent: 0 (0 unique today)
[Opportunity] Scan complete in 137s. Next scan at 2026-02-17T13:17:05.409Z

[Opportunity] ===== SCAN #4 =====
[Opportunity] Time: 2026-02-17T13:17:05.409Z
[Opportunity] VIX: 22.49 (elevated) | SPY: 678.08 (bearish)
[Opportunity] Discovery: 30 symbols from [core:3, watchlist:10, volume:10, nasdaq:1, extremes:4, etf_categories:21]
[Opportunity] Discovery: 30 symbols in 3.2s
[Opportunity] Analyzing 30 symbols (sequential, ~66s est)...
[Opportunity] Results: 0 HIGH_CONVICTION, 0 TRADEABLE, 0 WATCH
[OpportunityDB] Saved scan: 30 opportunities, scanId=1907
[Opportunity] Alerts sent: 0 (0 unique today)
[Opportunity] Scan complete in 175s. Next scan at 2026-02-17T13:22:05.409Z

[Opportunity] ===== SCAN #5 =====
[Opportunity] Time: 2026-02-17T13:22:05.410Z
[Opportunity] VIX: 22.3 (elevated) | SPY: 678.61 (bearish)
[Opportunity] Discovery: 30 symbols from [core:3, watchlist:10, volume:10, nasdaq:1, extremes:4, etf_categories:21]
[Opportunity] Discovery: 30 symbols in 1.3s
[Opportunity] Analyzing 30 symbols (sequential, ~66s est)...
[Opportunity] Results: 0 HIGH_CONVICTION, 0 TRADEABLE, 0 WATCH
[OpportunityDB] Saved scan: 30 opportunities, scanId=1908
[Opportunity] Alerts sent: 0 (0 unique today)
[Opportunity] Scan complete in 170s. Next scan at 2026-02-17T13:27:05.410Z

[Opportunity] ===== SCAN #6 =====
[Opportunity] Time: 2026-02-17T13:27:05.411Z
[Opportunity] VIX: 22.16 (elevated) | SPY: 679.08 (bearish)
[Opportunity] Discovery: 30 symbols from [core:3, watchlist:10, volume:10, nasdaq:1, extremes:4, etf_categories:21]
[Opportunity] Discovery: 30 symbols in 1.9s
[Opportunity] Analyzing 30 symbols (sequential, ~66s est)...
[Opportunity] Results: 0 HIGH_CONVICTION, 0 TRADEABLE, 0 WATCH
[OpportunityDB] Saved scan: 30 opportunities, scanId=1909
[Opportunity] Alerts sent: 0 (0 unique today)
[Opportunity] Scan complete in 176s. Next scan at 2026-02-17T13:32:05.411Z

[Opportunity] ===== SCAN #7 =====
[Opportunity] Time: 2026-02-17T13:32:05.411Z
[Opportunity] VIX: 22.2 (elevated) | SPY: 679.02 (bearish)
[Opportunity] Discovery: 30 symbols from [core:3, watchlist:10, volume:10, nasdaq:1, extremes:4, etf_categories:21]
[Opportunity] Discovery: 30 symbols in 1.5s
[Opportunity] Analyzing 30 symbols (sequential, ~66s est)...
[Opportunity] Results: 0 HIGH_CONVICTION, 0 TRADEABLE, 0 WATCH
[OpportunityDB] Saved scan: 30 opportunities, scanId=1910
[Opportunity] Alerts sent: 0 (0 unique today)
[Opportunity] Scan complete in 153s. Next scan at 2026-02-17T13:37:05.411Z

[Opportunity] ===== SCAN #8 =====
[Opportunity] Time: 2026-02-17T13:37:05.410Z
[Opportunity] VIX: 22.28 (elevated) | SPY: 678.86 (bearish)
[Opportunity] Discovery: 30 symbols from [core:3, watchlist:10, volume:10, nasdaq:1, extremes:4, etf_categories:21]
[Opportunity] Discovery: 30 symbols in 1.5s
[Opportunity] Analyzing 30 symbols (sequential, ~66s est)...
[Opportunity] Results: 0 HIGH_CONVICTION, 0 TRADEABLE, 0 WATCH
[OpportunityDB] Saved scan: 30 opportunities, scanId=1911
[Opportunity] Alerts sent: 0 (0 unique today)
[Opportunity] Scan complete in 137s. Next scan at 2026-02-17T13:42:05.410Z

[Opportunity] ===== SCAN #9 =====
[Opportunity] Time: 2026-02-17T13:42:05.411Z
[Opportunity] VIX: 22.35 (elevated) | SPY: 678.82 (bearish)
[Opportunity] Discovery: 30 symbols from [core:3, watchlist:10, volume:10, nasdaq:1, extremes:4, etf_categories:21]
[Opportunity] Discovery: 30 symbols in 1.8s
[Opportunity] Analyzing 30 symbols (sequential, ~66s est)...
[Opportunity] Results: 0 HIGH_CONVICTION, 0 TRADEABLE, 0 WATCH
[OpportunityDB] Saved scan: 30 opportunities, scanId=1912
[Opportunity] Alerts sent: 0 (0 unique today)
[Opportunity] Scan complete in 146s. Next scan at 2026-02-17T13:47:05.411Z

[Opportunity] ===== SCAN #10 =====
[Opportunity] Time: 2026-02-17T13:47:05.412Z
[Opportunity] VIX: 22.3 (elevated) | SPY: 679.04 (bearish)
[Opportunity] Discovery: 30 symbols from [core:3, watchlist:10, volume:10, nasdaq:1, extremes:4, etf_categories:21]
[Opportunity] Discovery: 30 symbols in 2.4s
[Opportunity] Analyzing 30 symbols (sequential, ~66s est)...
[Opportunity] Results: 0 HIGH_CONVICTION, 0 TRADEABLE, 0 WATCH
[OpportunityDB] Saved scan: 30 opportunities, scanId=1913
[Opportunity] Alerts sent: 0 (0 unique today)
[Opportunity] Scan complete in 145s. Next scan at 2026-02-17T13:52:05.413Z

[Opportunity] ===== SCAN #11 =====
[Opportunity] Time: 2026-02-17T13:52:05.413Z
[Opportunity] VIX: 21.81 (elevated) | SPY: 680.84 (bearish)
[Opportunity] Discovery: 30 symbols from [core:3, watchlist:10, volume:10, nasdaq:1, extremes:4, etf_categories:21]
[Opportunity] Discovery: 30 symbols in 1.7s
[Opportunity] Analyzing 30 symbols (sequential, ~66s est)...
[Opportunity] Results: 0 HIGH_CONVICTION, 0 TRADEABLE, 0 WATCH
[OpportunityDB] Saved scan: 30 opportunities, scanId=1914
[Opportunity] Alerts sent: 0 (0 unique today)
[Opportunity] Scan complete in 141s. Next scan at 2026-02-17T13:57:05.413Z

[Opportunity] ===== SCAN #12 =====
[Opportunity] Time: 2026-02-17T13:57:05.415Z
[Opportunity] VIX: 22 (elevated) | SPY: 679.82 (bearish)
[Opportunity] Discovery: 30 symbols from [core:3, watchlist:10, volume:10, nasdaq:1, extremes:4, etf_categories:21]
[Opportunity] Discovery: 30 symbols in 1.1s
[Opportunity] Analyzing 30 symbols (sequential, ~66s est)...
[Opportunity] Results: 0 HIGH_CONVICTION, 0 TRADEABLE, 0 WATCH
[OpportunityDB] Saved scan: 30 opportunities, scanId=1915
[Opportunity] Alerts sent: 0 (0 unique today)
[Opportunity] Scan complete in 151s. Next scan at 2026-02-17T14:02:05.415Z

[Opportunity] ===== SCAN #13 =====
[Opportunity] Time: 2026-02-17T14:02:05.415Z
[Opportunity] VIX: 22.1 (elevated) | SPY: 679.36 (bearish)
[Opportunity] Discovery: 30 symbols from [core:3, watchlist:10, volume:10, nasdaq:1, extremes:4, etf_categories:21]
[Opportunity] Discovery: 30 symbols in 1.4s
[Opportunity] Analyzing 30 symbols (sequential, ~66s est)...
[Opportunity] Results: 0 HIGH_CONVICTION, 0 TRADEABLE, 0 WATCH
[OpportunityDB] Saved scan: 30 opportunities, scanId=1916
[Opportunity] Alerts sent: 0 (0 unique today)
[Opportunity] Scan complete in 143s. Next scan at 2026-02-17T14:07:05.415Z

[Opportunity] ===== SCAN #14 =====
[Opportunity] Time: 2026-02-17T14:07:05.415Z
[Opportunity] VIX: 21.94 (elevated) | SPY: 680.01 (bearish)
[Opportunity] Discovery: 30 symbols from [core:3, watchlist:10, volume:10, nasdaq:1, extremes:4, etf_categories:21]
[Opportunity] Discovery: 30 symbols in 1.3s
[Opportunity] Analyzing 30 symbols (sequential, ~66s est)...
[Opportunity] Results: 0 HIGH_CONVICTION, 0 TRADEABLE, 0 WATCH
[OpportunityDB] Saved scan: 30 opportunities, scanId=1917
[Opportunity] Alerts sent: 0 (0 unique today)
[Opportunity] Scan complete in 163s. Next scan at 2026-02-17T14:12:05.415Z

[Opportunity] ===== SCAN #15 =====
[Opportunity] Time: 2026-02-17T14:12:05.417Z
[Opportunity] VIX: 21.87 (elevated) | SPY: 680.05 (bearish)
[Opportunity] Discovery: 30 symbols from [core:3, watchlist:10, volume:10, nasdaq:1, extremes:4, etf_categories:21]
[Opportunity] Discovery: 30 symbols in 2.6s
[Opportunity] Analyzing 30 symbols (sequential, ~66s est)...
[Opportunity] Results: 0 HIGH_CONVICTION, 0 TRADEABLE, 0 WATCH
[OpportunityDB] Saved scan: 30 opportunities, scanId=1918
[Opportunity] Alerts sent: 0 (0 unique today)
[Opportunity] Scan complete in 165s. Next scan at 2026-02-17T14:17:05.417Z

[Opportunity] ===== SCAN #16 =====
[Opportunity] Time: 2026-02-17T14:17:05.418Z
[Opportunity] VIX: 21.89 (elevated) | SPY: 679.79 (bearish)
[Opportunity] Discovery: 30 symbols from [core:3, watchlist:10, volume:10, nasdaq:1, extremes:4, etf_categories:21]
[Opportunity] Discovery: 30 symbols in 2.6s
[Opportunity] Analyzing 30 symbols (sequential, ~66s est)...
[Opportunity] Results: 0 HIGH_CONVICTION, 0 TRADEABLE, 0 WATCH
[OpportunityDB] Saved scan: 30 opportunities, scanId=1919
[Opportunity] Alerts sent: 0 (0 unique today)
[Opportunity] Scan complete in 153s. Next scan at 2026-02-17T14:22:05.418Z

[Opportunity] ===== SCAN #17 =====
[Opportunity] Time: 2026-02-17T14:22:05.418Z
[Opportunity] VIX: 21.75 (elevated) | SPY: 680.26 (bearish)
[Opportunity] Discovery: 30 symbols from [core:3, watchlist:10, volume:10, nasdaq:1, extremes:4, etf_categories:21]
[Opportunity] Discovery: 30 symbols in 1.2s
[Opportunity] Analyzing 30 symbols (sequential, ~66s est)...
[Opportunity] Results: 0 HIGH_CONVICTION, 0 TRADEABLE, 0 WATCH
[OpportunityDB] Saved scan: 30 opportunities, scanId=1920
[Opportunity] Alerts sent: 0 (0 unique today)
[Opportunity] Scan complete in 146s. Next scan at 2026-02-17T14:27:05.418Z

[Opportunity] ===== SCAN #18 =====
[Opportunity] Time: 2026-02-17T14:27:05.420Z
[Opportunity] VIX: 21.86 (elevated) | SPY: 679.76 (bearish)
[Opportunity] Discovery: 30 symbols from [core:3, watchlist:10, volume:10, nasdaq:1, extremes:4, etf_categories:21]
[Opportunity] Discovery: 30 symbols in 1.8s
[Opportunity] Analyzing 30 symbols (sequential, ~66s est)...
[Opportunity] Results: 0 HIGH_CONVICTION, 0 TRADEABLE, 0 WATCH
[OpportunityDB] Saved scan: 30 opportunities, scanId=1921
[Opportunity] Alerts sent: 0 (0 unique today)
[Opportunity] Scan complete in 148s. Next scan at 2026-02-17T14:32:05.420Z

[Opportunity] ===== SCAN #19 =====
[Opportunity] Time: 2026-02-17T14:32:05.420Z
[Opportunity] VIX: 21.5 (elevated) | SPY: 681.44 (bearish)
[Opportunity] Discovery: 30 symbols from [core:3, watchlist:10, volume:10, gainers:2, losers:2, nasdaq:2, extremes:4, etf_categories:21]
[Opportunity] Discovery: 30 symbols in 1.4s
[Opportunity] Analyzing 30 symbols (sequential, ~66s est)...
[Opportunity] SPY: Score 40 (WATCH) - bullish [core,watchlist]
[Opportunity] QQQ: Score 35 (WATCH) - bearish [core,watchlist]
[Opportunity] IWM: Score 45 (WATCH) - bearish [core]
[Opportunity] IBIT: Score 30 (WATCH) - bearish [watchlist,etf_crypto]
[Opportunity] AAPL: Score 30 (WATCH) - bullish [watchlist,volume_leader]
[Opportunity] XLU: Score 45 (WATCH) - bullish [52wk_extreme,etf_sectors]
[Opportunity] MSFT: Score 35 (WATCH) - bullish [watchlist]
[Opportunity] META: Score 45 (WATCH) - bullish [watchlist]
[Opportunity] AMD: Score 45 (WATCH) - bullish [watchlist]
[Opportunity] TSLA: Score 40 (WATCH) - bearish [watchlist]
[Opportunity] UVXY: Score 30 (WATCH) - bullish [etf_volatility]
[Opportunity] XLF: Score 40 (WATCH) - bullish [etf_sectors]
[Opportunity] GLD: Score 45 (WATCH) - bullish [etf_commodities]
[Opportunity] Results: 0 HIGH_CONVICTION, 0 TRADEABLE, 13 WATCH
[OpportunityDB] Saved scan: 30 opportunities, scanId=1922
[Opportunity] Alerts sent: 0 (0 unique today)
[Opportunity] Scan complete in 234s. Next scan at 2026-02-17T14:37:05.420Z

[Opportunity] ===== SCAN #20 =====
[Opportunity] Time: 2026-02-17T14:37:05.420Z
[Opportunity] VIX: 21.22 (elevated) | SPY: 682.06 (bearish)
[Opportunity] Discovery: 30 symbols from [core:3, watchlist:10, volume:10, gainers:1, losers:1, nasdaq:2, extremes:3, etf_categories:21]
[Opportunity] Discovery: 30 symbols in 1.0s
[Opportunity] Analyzing 30 symbols (sequential, ~66s est)...
[Opportunity] SPY: Score 65 (TRADEABLE) - bullish [core,watchlist]
[Opportunity] QQQ: Score 45 (WATCH) - bullish [core,watchlist]
[Opportunity] IWM: Score 45 (WATCH) - bearish [core]
[Opportunity] IBIT: Score 45 (WATCH) - bearish [watchlist,etf_crypto]
[Opportunity] AAPL: Score 60 (TRADEABLE) - bullish [watchlist,volume_leader]
[Opportunity] TSLA: Score 65 (TRADEABLE) - neutral [watchlist,volume_leader]
[Opportunity] XLU: Score 45 (WATCH) - bullish [52wk_extreme,etf_sectors]
[Opportunity] MSFT: Score 65 (TRADEABLE) - bullish [watchlist]
[Opportunity] META: Score 55 (TRADEABLE) - bullish [watchlist]
[Opportunity] AMD: Score 35 (WATCH) - bullish [watchlist]
[Opportunity] UVXY: Score 30 (WATCH) - bullish [etf_volatility]
[Opportunity] XLF: Score 40 (WATCH) - bullish [etf_sectors]
[Opportunity] XLK: Score 30 (WATCH) - bearish [etf_sectors]
[Opportunity] GLD: Score 55 (TRADEABLE) - bullish [etf_commodities]
[Opportunity] SLV: Score 45 (WATCH) - bullish [etf_commodities]
[Opportunity] Results: 0 HIGH_CONVICTION, 6 TRADEABLE, 9 WATCH
[OpportunityDB] Saved scan: 30 opportunities, scanId=1923
[Opportunity] Alerts sent: 0 (0 unique today)
[Opportunity] Scan complete in 192s. Next scan at 2026-02-17T14:42:05.420Z

[Opportunity] ===== SCAN #21 =====
[Opportunity] Time: 2026-02-17T14:42:05.420Z
[Opportunity] VIX: 21.12 (elevated) | SPY: 682.09 (bearish)
[Opportunity] Discovery: 30 symbols from [core:3, watchlist:11, volume:10, gainers:1, losers:1, nasdaq:1, extremes:3, etf_categories:21]
[Opportunity] Discovery: 30 symbols in 1.2s
[Opportunity] Analyzing 30 symbols (sequential, ~66s est)...
[Opportunity] SPY: Score 65 (TRADEABLE) - bullish [core,watchlist]
[Opportunity] QQQ: Score 65 (TRADEABLE) - neutral [core,watchlist]
[Opportunity] IWM: Score 45 (WATCH) - bullish [core]
[Opportunity] IBIT: Score 45 (WATCH) - bearish [watchlist,etf_crypto]
[Opportunity] INTC: Score 60 (TRADEABLE) - bullish [watchlist,volume_leader]
[Opportunity] AAPL: Score 70 (HIGH_CONVICTION) - bullish [watchlist,volume_leader]
[Opportunity] TSLA: Score 65 (TRADEABLE) - neutral [watchlist,volume_leader]
[Opportunity] NVDA: Score 45 (WATCH) - bullish [watchlist,volume_leader]
[Opportunity] XLU: Score 45 (WATCH) - bullish [52wk_extreme,etf_sectors]
[Opportunity] MSFT: Score 55 (TRADEABLE) - bullish [watchlist]
[Opportunity] META: Score 55 (TRADEABLE) - bullish [watchlist]
[Opportunity] AMD: Score 45 (WATCH) - bullish [watchlist]
[Opportunity] UVXY: Score 30 (WATCH) - bullish [etf_volatility]
[Opportunity] XLF: Score 40 (WATCH) - bullish [etf_sectors]
[Opportunity] XLK: Score 40 (WATCH) - bearish [etf_sectors]
[Opportunity] GLD: Score 55 (TRADEABLE) - bullish [etf_commodities]
[Opportunity] Results: 1 HIGH_CONVICTION, 7 TRADEABLE, 8 WATCH
[OpportunityDB] Saved scan: 30 opportunities, scanId=1924
[Opportunity] Persistence: AAPL:1
[Opportunity] Alerts sent: 0 (0 unique today)
[Watchlist] Skipped AAPL — manual entry protected (attempted by opportunity)
[Opportunity] Added 1 symbols to Bloodhound watchlist
[Opportunity] Scan complete in 207s. Next scan at 2026-02-17T14:47:05.421Z

[Opportunity] ===== SCAN #22 =====
[Opportunity] Time: 2026-02-17T14:47:05.422Z
[Opportunity] VIX: 21.53 (elevated) | SPY: 680.56 (bearish)
[Opportunity] Discovery: 30 symbols from [core:3, watchlist:11, volume:10, gainers:1, losers:1, nasdaq:3, extremes:3, etf_categories:21]
[Opportunity] Discovery: 30 symbols in 15.5s
[Opportunity] Analyzing 30 symbols (sequential, ~66s est)...
[Opportunity] SPY: Score 65 (TRADEABLE) - neutral [core,watchlist]
[Opportunity] QQQ: Score 65 (TRADEABLE) - neutral [core,watchlist]
[Opportunity] NVDA: Score 55 (TRADEABLE) - bullish [watchlist,volume_leader,nasdaq_mover]
[Opportunity] NCLH: Score 60 (TRADEABLE) - bullish [volume_leader,gainer,loser]
[Opportunity] IWM: Score 45 (WATCH) - bullish [core]
[Opportunity] IBIT: Score 55 (TRADEABLE) - bearish [watchlist,etf_crypto]
[Opportunity] INTC: Score 60 (TRADEABLE) - bearish [watchlist,volume_leader]
[Opportunity] AAPL: Score 80 (HIGH_CONVICTION) - neutral [watchlist,volume_leader]
[Opportunity] TSLA: Score 45 (WATCH) - bearish [watchlist,volume_leader]
[Opportunity] XLP: Score 30 (WATCH) - bearish [52wk_extreme,etf_sectors]
[Opportunity] XLU: Score 45 (WATCH) - bullish [52wk_extreme,etf_sectors]
[Opportunity] MSFT: Score 55 (TRADEABLE) - bullish [watchlist]
[Opportunity] META: Score 45 (WATCH) - bullish [watchlist]
[Opportunity] AMD: Score 55 (TRADEABLE) - bullish [watchlist]
[Opportunity] SOLZ: Score 45 (WATCH) - bearish [etf_crypto]
[Opportunity] UVXY: Score 30 (WATCH) - bullish [etf_volatility]
[Opportunity] XLF: Score 30 (WATCH) - bullish [etf_sectors]
[Opportunity] XLK: Score 40 (WATCH) - bearish [etf_sectors]
[Opportunity] XLV: Score 45 (WATCH) - bearish [etf_sectors]
[Opportunity] GLD: Score 55 (TRADEABLE) - bullish [etf_commodities]
[Opportunity] Results: 1 HIGH_CONVICTION, 9 TRADEABLE, 10 WATCH
[OpportunityDB] Saved scan: 30 opportunities, scanId=1925
[Opportunity] Persistence: AAPL:2
[Opportunity] Alerts sent: 0 (0 unique today)
[Watchlist] Skipped AAPL — manual entry protected (attempted by opportunity)
[Opportunity] Added 1 symbols to Bloodhound watchlist
[Opportunity] Scan complete in 208s. Next scan at 2026-02-17T14:52:05.422Z

[Opportunity] ===== SCAN #23 =====
[Opportunity] Time: 2026-02-17T14:52:05.423Z
[Opportunity] VIX: 22.16 (elevated) | SPY: 678.67 (bearish)
[Opportunity] Discovery: 30 symbols from [core:3, watchlist:11, volume:10, gainers:4, losers:4, nasdaq:2, extremes:2, etf_categories:21]
[Opportunity] Discovery: 30 symbols in 1.0s
[Opportunity] Analyzing 30 symbols (sequential, ~66s est)...
[Opportunity] INTC: Score 35 (WATCH) - bullish [watchlist,volume_leader,gainer,loser]
[Opportunity] TSLA: Score 65 (TRADEABLE) - bearish [watchlist,volume_leader,gainer,loser]
[Opportunity] SPY: Score 65 (TRADEABLE) - neutral [core,watchlist]
[Opportunity] QQQ: Score 65 (TRADEABLE) - neutral [core,watchlist]
[Opportunity] NVDA: Score 55 (TRADEABLE) - bearish [watchlist,volume_leader,nasdaq_mover]
[Opportunity] NCLH: Score 50 (TRADEABLE) - bullish [volume_leader,gainer,loser]
[Opportunity] GOOGL: Score 55 (TRADEABLE) - bullish [volume_leader,gainer,loser]
[Opportunity] IWM: Score 55 (TRADEABLE) - bullish [core]
[Opportunity] IBIT: Score 55 (TRADEABLE) - bearish [watchlist,etf_crypto]
[Opportunity] AAPL: Score 80 (HIGH_CONVICTION) - neutral [watchlist,volume_leader]
[Opportunity] XLU: Score 45 (WATCH) - bullish [52wk_extreme,etf_sectors]
[Opportunity] MSFT: Score 55 (TRADEABLE) - bullish [watchlist]
[Opportunity] META: Score 55 (TRADEABLE) - bullish [watchlist]
[Opportunity] AMD: Score 75 (HIGH_CONVICTION) - neutral [watchlist]
[Opportunity] SOLZ: Score 45 (WATCH) - bearish [etf_crypto]
[Opportunity] UVXY: Score 30 (WATCH) - bullish [etf_volatility]
[Opportunity] XLF: Score 40 (WATCH) - bullish [etf_sectors]
[Opportunity] XLK: Score 40 (WATCH) - bearish [etf_sectors]
[Opportunity] XLP: Score 30 (WATCH) - bearish [etf_sectors]
[Opportunity] XLV: Score 45 (WATCH) - bearish [etf_sectors]
[Opportunity] Results: 2 HIGH_CONVICTION, 10 TRADEABLE, 8 WATCH
[OpportunityDB] Saved scan: 30 opportunities, scanId=1926
[Opportunity] Persistence: AAPL:3, AMD:1
[Opportunity] Alerts sent: 0 (0 unique today)
[Watchlist] Skipped AAPL — manual entry protected (attempted by opportunity)
[Watchlist] Skipped AMD — manual entry protected (attempted by opportunity)
[Opportunity] Added 2 symbols to Bloodhound watchlist
[Opportunity] Scan complete in 263s. Next scan at 2026-02-17T14:57:05.423Z

[Opportunity] ===== SCAN #24 =====
[Opportunity] Time: 2026-02-17T14:57:05.424Z
[Opportunity] VIX: 22.47 (elevated) | SPY: 677.62 (bearish)
[Opportunity] Discovery: 30 symbols from [core:3, watchlist:11, volume:10, gainers:4, losers:4, nasdaq:2, extremes:2, etf_categories:21]
[Opportunity] Discovery: 30 symbols in 1.1s
[Opportunity] Analyzing 30 symbols (sequential, ~66s est)...
[Opportunity] TSLA: Score 65 (TRADEABLE) - neutral [watchlist,volume_leader,gainer,loser]
[Opportunity] SPY: Score 65 (TRADEABLE) - neutral [core,watchlist]
[Opportunity] QQQ: Score 65 (TRADEABLE) - neutral [core,watchlist]
[Opportunity] NVDA: Score 65 (TRADEABLE) - neutral [watchlist,volume_leader,nasdaq_mover]
[Opportunity] NCLH: Score 50 (TRADEABLE) - bullish [volume_leader,gainer,loser]
[Opportunity] GOOGL: Score 45 (WATCH) - bullish [volume_leader,gainer,loser]
[Opportunity] SLB: Score 45 (WATCH) - bearish [volume_leader,gainer,loser]
[Opportunity] IWM: Score 65 (TRADEABLE) - neutral [core]
[Opportunity] IBIT: Score 55 (TRADEABLE) - bearish [watchlist,etf_crypto]
[Opportunity] INTC: Score 35 (WATCH) - bullish [watchlist,volume_leader]
[Opportunity] AAPL: Score 80 (HIGH_CONVICTION) - neutral [watchlist,volume_leader]
[Opportunity] XLU: Score 45 (WATCH) - bullish [52wk_extreme,etf_sectors]
[Opportunity] MSFT: Score 55 (TRADEABLE) - bullish [watchlist]
[Opportunity] META: Score 45 (WATCH) - bullish [watchlist]
[Opportunity] AMD: Score 75 (HIGH_CONVICTION) - neutral [watchlist]
[Opportunity] ETHA: Score 30 (WATCH) - bullish [etf_crypto]
[Opportunity] SOLZ: Score 45 (WATCH) - bearish [etf_crypto]
[Opportunity] UVXY: Score 30 (WATCH) - bullish [etf_volatility]
[Opportunity] XLF: Score 40 (WATCH) - bullish [etf_sectors]
[Opportunity] XLK: Score 40 (WATCH) - bearish [etf_sectors]
[Opportunity] XLP: Score 40 (WATCH) - bearish [etf_sectors]
[Opportunity] XLV: Score 45 (WATCH) - bearish [etf_sectors]
[Opportunity] Results: 2 HIGH_CONVICTION, 8 TRADEABLE, 12 WATCH
[OpportunityDB] Saved scan: 30 opportunities, scanId=1927
[Opportunity] Persistence: AAPL:4, AMD:2
[Opportunity] Alerts sent: 0 (0 unique today)
[Watchlist] Skipped AAPL — manual entry protected (attempted by opportunity)
[Watchlist] Skipped AMD — manual entry protected (attempted by opportunity)
[Opportunity] Added 2 symbols to Bloodhound watchlist
[Opportunity] Scan complete in 172s. Next scan at 2026-02-17T15:02:05.424Z
